public/assets/sponsors/Netflix 2015 logo.svg -> public/assets/sponsors/Netflix-2015-logo.svg
public/assets/new/plants/Tree 3.svg -> public/assets/new/plants/Tree-3.svg
public/assets/new/plants/Tree 2.svg -> public/assets/new/plants/Tree-2.svg
public/assets/new/plants/Tree 1.svg -> public/assets/new/plants/Tree-1.svg
public/assets/new/plants/Shrub 4.svg -> public/assets/new/plants/Shrub-4.svg
public/assets/new/plants/Shrub 3.svg -> public/assets/new/plants/Shrub-3.svg
public/assets/new/plants/Shrub 2.svg -> public/assets/new/plants/Shrub-2.svg
public/assets/new/plants/Shrub 1.svg -> public/assets/new/plants/Shrub-1.svg
public/assets/new/plants/Plant 1.svg -> public/assets/new/plants/Plant-1.svg
public/assets/new/plants/Grass 8.svg -> public/assets/new/plants/Grass-8.svg
public/assets/new/plants/Grass 7.svg -> public/assets/new/plants/Grass-7.svg
public/assets/new/plants/Grass 6.svg -> public/assets/new/plants/Grass-6.svg
public/assets/new/plants/Grass 5.svg -> public/assets/new/plants/Grass-5.svg
public/assets/new/plants/Grass 4.svg -> public/assets/new/plants/Grass-4.svg
public/assets/new/plants/Grass 3.svg -> public/assets/new/plants/Grass-3.svg
public/assets/new/plants/Grass 2.svg -> public/assets/new/plants/Grass-2.svg
public/assets/new/plants/Grass 1.svg -> public/assets/new/plants/Grass-1.svg
public/assets/new/plants/Fern 1.svg -> public/assets/new/plants/Fern-1.svg
public/assets/new/misc/Shell 6.svg -> public/assets/new/misc/Shell-6.svg
public/assets/new/misc/Shell 5.svg -> public/assets/new/misc/Shell-5.svg
public/assets/new/misc/Shell 4.svg -> public/assets/new/misc/Shell-4.svg
public/assets/new/misc/Shell 3.svg -> public/assets/new/misc/Shell-3.svg
public/assets/new/misc/Shell 2.svg -> public/assets/new/misc/Shell-2.svg
public/assets/new/misc/Shell 1.svg -> public/assets/new/misc/Shell-1.svg
public/assets/new/misc/Rock Number 9.svg -> public/assets/new/misc/Rock-Number-9.svg
public/assets/new/misc/Rock Number 8.svg -> public/assets/new/misc/Rock-Number-8.svg
public/assets/new/misc/Rock Number 7.svg -> public/assets/new/misc/Rock-Number-7.svg
public/assets/new/misc/Rock Number 6.svg -> public/assets/new/misc/Rock-Number-6.svg
public/assets/new/misc/Rock Number 5.svg -> public/assets/new/misc/Rock-Number-5.svg
public/assets/new/misc/Rock Number 4.svg -> public/assets/new/misc/Rock-Number-4.svg
public/assets/new/misc/Rock Number 3.svg -> public/assets/new/misc/Rock-Number-3.svg
public/assets/new/misc/Rock Number 2.svg -> public/assets/new/misc/Rock-Number-2.svg
public/assets/new/misc/Rock Number 1.svg -> public/assets/new/misc/Rock-Number-1.svg
public/assets/new/misc/Rock Number 0.svg -> public/assets/new/misc/Rock-Number-0.svg
public/assets/new/misc/Rock 4.svg -> public/assets/new/misc/Rock-4.svg
public/assets/new/misc/Rock 3.svg -> public/assets/new/misc/Rock-3.svg
public/assets/new/misc/Rock 2.svg -> public/assets/new/misc/Rock-2.svg
public/assets/new/misc/Rock 1.svg -> public/assets/new/misc/Rock-1.svg
public/assets/new/misc/Pterodactyl Skull.svg -> public/assets/new/misc/Pterodactyl-Skull.svg
public/assets/new/misc/Plesiosaurus Skull.svg -> public/assets/new/misc/Plesiosaurus-Skull.svg
public/assets/new/misc/Hard Rock.svg -> public/assets/new/misc/Hard-Rock.svg
public/assets/new/misc/Fossil Shell.svg -> public/assets/new/misc/Fossil-Shell.svg
public/assets/new/misc/Fish School.svg -> public/assets/new/misc/Fish-School.svg
public/assets/new/misc/Copy of Asteroid.svg -> public/assets/new/misc/Copy-of-Asteroid.svg
public/assets/new/misc/Bone 4.svg -> public/assets/new/misc/Bone-4.svg
public/assets/new/misc/Bone 3.svg -> public/assets/new/misc/Bone-3.svg
public/assets/new/misc/Bone 2.svg -> public/assets/new/misc/Bone-2.svg
public/assets/new/misc/Bone 1.svg -> public/assets/new/misc/Bone-1.svg
public/assets/new/misc/Asteroid Shadow.svg -> public/assets/new/misc/Asteroid-Shadow.svg
public/assets/new/logo/Vertical Logo.svg -> public/assets/new/logo/Vertical-Logo.svg
public/assets/new/logo/Stacked Logo.svg -> public/assets/new/logo/Stacked-Logo.svg
public/assets/new/logo/Shell Logo.svg -> public/assets/new/logo/Shell-Logo.svg
public/assets/new/logo/New Logo.png -> public/assets/new/logo/New-Logo.png
public/assets/new/logo/New Horizontal Logo.svg -> public/assets/new/logo/New-Horizontal-Logo.svg
public/assets/new/logo/Menu Icon.svg -> public/assets/new/logo/Menu-Icon.svg
public/assets/new/logo/Logo 2_1.svg -> public/assets/new/logo/Logo-2_1.svg
public/assets/new/logo/Horizontal Logo.svg -> public/assets/new/logo/Horizontal-Logo.svg
public/assets/new/dinosaurs/Florida Sand Skink.svg -> public/assets/new/dinosaurs/Florida-Sand-Skink.svg
public/assets/new/background/sky/Sky 5.svg -> public/assets/new/background/sky/Sky-5.svg
public/assets/new/background/sky/Sky 4.svg -> public/assets/new/background/sky/Sky-4.svg
public/assets/new/background/sky/Sky 3.svg -> public/assets/new/background/sky/Sky-3.svg
public/assets/new/background/sky/Sky 2.svg -> public/assets/new/background/sky/Sky-2.svg
public/assets/new/background/sky/Sky 1.svg -> public/assets/new/background/sky/Sky-1.svg
public/assets/new/background/sky/Sky 0.png -> public/assets/new/background/sky/Sky-0.png
public/assets/new/background/sky/Cloud 6.svg -> public/assets/new/background/sky/Cloud-6.svg
public/assets/new/background/sky/Cloud 5.svg -> public/assets/new/background/sky/Cloud-5.svg
public/assets/new/background/sky/Cloud 4.svg -> public/assets/new/background/sky/Cloud-4.svg
public/assets/new/background/sky/Cloud 3.svg -> public/assets/new/background/sky/Cloud-3.svg
public/assets/new/background/sky/Cloud 2.svg -> public/assets/new/background/sky/Cloud-2.svg
public/assets/new/background/sky/Cloud 1.svg -> public/assets/new/background/sky/Cloud-1.svg
public/assets/new/background/forest/Forest Rock 2.svg -> public/assets/new/background/forest/Forest-Rock-2.svg
public/assets/new/background/forest/Forest Rock 1.svg -> public/assets/new/background/forest/Forest-Rock-1.svg
public/assets/new/background/forest/Forest 2.png -> public/assets/new/background/forest/Forest-2.png
public/assets/new/background/forest/Dirt 2.png -> public/assets/new/background/forest/Dirt-2.png
public/assets/new/background/forest/Dirt 1.png -> public/assets/new/background/forest/Dirt-1.png
public/assets/new/background/beach/Single Bubble 3.svg -> public/assets/new/background/beach/Single-Bubble-3.svg
public/assets/new/background/beach/Single Bubble 2.svg -> public/assets/new/background/beach/Single-Bubble-2.svg
public/assets/new/background/beach/Single Bubble 1.svg -> public/assets/new/background/beach/Single-Bubble-1.svg
public/assets/new/background/beach/Ocean 7.png -> public/assets/new/background/beach/Ocean-7.png
public/assets/new/background/beach/Ocean 6.svg -> public/assets/new/background/beach/Ocean-6.svg
public/assets/new/background/beach/Ocean 5.svg -> public/assets/new/background/beach/Ocean-5.svg
public/assets/new/background/beach/Ocean 4.svg -> public/assets/new/background/beach/Ocean-4.svg
public/assets/new/background/beach/Ocean 3.svg -> public/assets/new/background/beach/Ocean-3.svg
public/assets/new/background/beach/Ocean 2.svg -> public/assets/new/background/beach/Ocean-2.svg
public/assets/new/background/beach/Bubble 8.svg -> public/assets/new/background/beach/Bubble-8.svg
public/assets/new/background/beach/Bubble 7.svg -> public/assets/new/background/beach/Bubble-7.svg
public/assets/new/background/beach/Bubble 6.svg -> public/assets/new/background/beach/Bubble-6.svg
public/assets/new/background/beach/Bubble 5.svg -> public/assets/new/background/beach/Bubble-5.svg
public/assets/new/background/beach/Bubble 4.svg -> public/assets/new/background/beach/Bubble-4.svg
public/assets/new/background/beach/Bubble 3.svg -> public/assets/new/background/beach/Bubble-3.svg
public/assets/new/background/beach/Bubble 2.svg -> public/assets/new/background/beach/Bubble-2.svg
public/assets/new/background/beach/Bubble 1.svg -> public/assets/new/background/beach/Bubble-1.svg